[2026-01-22T18:03:16.679Z] [INFO] [/api-docs/] GET /api-docs/ -> 200 (4ms)
[2026-01-22T18:03:16.700Z] [INFO] [/api-docs/swagger-ui.css] GET /api-docs/swagger-ui.css -> 304 (6ms)
[2026-01-22T18:03:16.721Z] [INFO] [/api-docs/swagger-ui-standalone-preset.js] GET /api-docs/swagger-ui-standalone-preset.js -> 304 (16ms)
[2026-01-22T18:03:16.724Z] [INFO] [/api-docs/swagger-ui-bundle.js] GET /api-docs/swagger-ui-bundle.js -> 304 (7ms)
[2026-01-22T18:03:16.724Z] [INFO] [/api-docs/swagger-ui-init.js] GET /api-docs/swagger-ui-init.js -> 200 (4ms)
[2026-01-22T18:03:16.942Z] [INFO] [/api-docs/favicon-32x32.png] GET /api-docs/favicon-32x32.png -> 200 (2ms)
[2026-01-22T18:03:23.961Z] [INFO] [/api/auth/login] POST /api/auth/login -> 200 (86ms)
[2026-01-22T18:03:47.537Z] [INFO] [/api/calidadAire] POST /api/calidadAire -> 201 (39ms)
[2026-01-22T18:03:55.137Z] [INFO] [/api/calidadAire] POST /api/calidadAire -> 201 (11ms)
[2026-01-22T18:04:18.302Z] [INFO] [/api/calidadAire] POST /api/calidadAire -> 201 (9ms)
[2026-01-22T18:09:55.531Z] [INFO] [/.well-known/appspecific/com.chrome.devtools.json] GET /.well-known/appspecific/com.chrome.devtools.json -> 404 (0ms)
[2026-01-22T18:22:02.324Z] [INFO] [/.well-known/appspecific/com.chrome.devtools.json] GET /.well-known/appspecific/com.chrome.devtools.json -> 404 (1ms)
[2026-01-22T18:26:13.816Z] [INFO] [/] GET / -> 200 (1ms)
[2026-01-22T18:26:13.870Z] [INFO] [/.well-known/appspecific/com.chrome.devtools.json] GET /.well-known/appspecific/com.chrome.devtools.json -> 404 (1ms)
[2026-01-22T18:26:37.484Z] [INFO] [/ws-client.html] GET /ws-client.html -> 200 (1ms)
[2026-01-22T18:26:55.830Z] [INFO] [/] GET / -> 200 (1ms)
[2026-01-22T18:26:55.854Z] [INFO] [/.well-known/appspecific/com.chrome.devtools.json] GET /.well-known/appspecific/com.chrome.devtools.json -> 404 (1ms)
[2026-01-22T18:33:07.982Z] [INFO] [/api-docs/] GET /api-docs/ -> 200 (1ms)
[2026-01-22T18:33:07.998Z] [INFO] [/api-docs/swagger-ui.css] GET /api-docs/swagger-ui.css -> 304 (1ms)
[2026-01-22T18:33:08.005Z] [INFO] [/api-docs/swagger-ui-bundle.js] GET /api-docs/swagger-ui-bundle.js -> 304 (3ms)
[2026-01-22T18:33:08.011Z] [INFO] [/api-docs/swagger-ui-init.js] GET /api-docs/swagger-ui-init.js -> 200 (4ms)
[2026-01-22T18:33:08.013Z] [INFO] [/api-docs/swagger-ui-standalone-preset.js] GET /api-docs/swagger-ui-standalone-preset.js -> 304 (1ms)
[2026-01-22T18:33:08.303Z] [INFO] [/api-docs/favicon-32x32.png] GET /api-docs/favicon-32x32.png -> 200 (1ms)
[2026-01-22T18:33:14.333Z] [INFO] [/ws-client.html] GET /ws-client.html -> 200 (2ms)
[2026-01-22T18:34:44.727Z] [INFO] [/api-docs/] GET /api-docs/ -> 200 (1ms)
[2026-01-22T18:34:44.747Z] [INFO] [/api-docs/swagger-ui.css] GET /api-docs/swagger-ui.css -> 200 (8ms)
[2026-01-22T18:34:44.751Z] [INFO] [/api-docs/swagger-ui-init.js] GET /api-docs/swagger-ui-init.js -> 200 (2ms)
[2026-01-22T18:34:44.753Z] [INFO] [/api-docs/swagger-ui-standalone-preset.js] GET /api-docs/swagger-ui-standalone-preset.js -> 200 (4ms)
[2026-01-22T18:34:44.759Z] [INFO] [/api-docs/swagger-ui-bundle.js] GET /api-docs/swagger-ui-bundle.js -> 200 (10ms)
[2026-01-22T20:36:53.850Z] [INFO] [/ws-client.html] GET /ws-client.html -> 200 (2ms)
[2026-01-22T20:36:55.260Z] [INFO] [/ws-client.html] GET /ws-client.html -> 200 (1ms)
[2026-01-22T20:37:27.997Z] [INFO] [/ws-client.html] GET /ws-client.html -> 200 (1ms)
[2026-01-22T20:38:03.289Z] [INFO] [/ws-client.html] GET /ws-client.html -> 200 (1ms)
[2026-01-22T20:38:59.109Z] [INFO] [/ws-client.html] GET /ws-client.html -> 200 (1ms)
[2026-01-22T20:39:37.143Z] [INFO] [/ws-client.html] GET /ws-client.html -> 200 (1ms)
[2026-01-22T20:40:15.278Z] [INFO] [/api-docs/] GET /api-docs/ -> 200 (1ms)
[2026-01-22T20:40:15.304Z] [INFO] [/api-docs/swagger-ui.css] GET /api-docs/swagger-ui.css -> 200 (4ms)
[2026-01-22T20:40:15.308Z] [INFO] [/api-docs/swagger-ui-standalone-preset.js] GET /api-docs/swagger-ui-standalone-preset.js -> 200 (2ms)
[2026-01-22T20:40:15.319Z] [INFO] [/api-docs/swagger-ui-init.js] GET /api-docs/swagger-ui-init.js -> 200 (1ms)
[2026-01-22T20:40:15.324Z] [INFO] [/api-docs/swagger-ui-bundle.js] GET /api-docs/swagger-ui-bundle.js -> 200 (10ms)
[2026-01-22T20:40:53.810Z] [INFO] [/ws-client.html] GET /ws-client.html -> 200 (0ms)
[2026-01-22T20:43:02.386Z] [INFO] [/.well-known/appspecific/com.chrome.devtools.json] GET /.well-known/appspecific/com.chrome.devtools.json -> 404 (1ms)
[2026-01-22T20:43:10.091Z] [INFO] [/ws-client.html] GET /ws-client.html -> 200 (1ms)
[2026-01-22T20:43:10.117Z] [INFO] [/.well-known/appspecific/com.chrome.devtools.json] GET /.well-known/appspecific/com.chrome.devtools.json -> 404 (1ms)
[2026-01-22T20:47:48.761Z] [INFO] [/ws-client.html] GET /ws-client.html -> 200 (1ms)
[2026-01-22T20:47:48.788Z] [INFO] [/.well-known/appspecific/com.chrome.devtools.json] GET /.well-known/appspecific/com.chrome.devtools.json -> 404 (1ms)
[2026-01-22T20:47:54.627Z] [INFO] [/.well-known/appspecific/com.chrome.devtools.json] GET /.well-known/appspecific/com.chrome.devtools.json -> 404 (0ms)
