[2026-01-09T20:29:27.532Z] [INFO] [/api-docs/] GET /api-docs/ -> 304 (8ms)
[2026-01-09T20:29:27.555Z] [INFO] [/api-docs/swagger-ui.css] GET /api-docs/swagger-ui.css -> 304 (1ms)
[2026-01-09T20:29:27.565Z] [INFO] [/api-docs/swagger-ui-init.js] GET /api-docs/swagger-ui-init.js -> 304 (1ms)
[2026-01-09T20:29:27.568Z] [INFO] [/api-docs/swagger-ui-bundle.js] GET /api-docs/swagger-ui-bundle.js -> 304 (1ms)
[2026-01-09T20:29:27.569Z] [INFO] [/api-docs/swagger-ui-standalone-preset.js] GET /api-docs/swagger-ui-standalone-preset.js -> 304 (2ms)
[2026-01-09T20:29:28.027Z] [INFO] [/api-docs/favicon-32x32.png] GET /api-docs/favicon-32x32.png -> 304 (1ms)
[2026-01-09T20:30:05.368Z] [INFO] [/api/auth/login] POST /api/auth/login -> 200 (87ms)
[2026-01-09T20:30:39.267Z] [INFO] [/api/sondas] POST /api/sondas -> 401 (1ms)
[2026-01-09T20:31:01.928Z] [INFO] [/api/sondas] POST /api/sondas -> 201 (14ms)
[2026-01-09T20:31:31.665Z] [INFO] [/api/sondas?localizacion=Collado%20Villalba] GET /api/sondas?localizacion=Collado%20Villalba -> 304 (3ms)
[2026-01-09T20:31:44.776Z] [INFO] [/api/sondas] GET /api/sondas -> 200 (3ms)
[2026-01-09T20:31:57.621Z] [INFO] [/api/sondas/696165859b844af4bd79ae13] DELETE /api/sondas/696165859b844af4bd79ae13 -> 200 (9ms)
[2026-01-09T20:32:42.969Z] [INFO] [/api/sondas/696165859b844af4bd79ae13] GET /api/sondas/696165859b844af4bd79ae13 -> 404 (3ms)
[2026-01-09T20:32:58.381Z] [INFO] [/api/imagen] POST /api/imagen -> 201 (5ms)
[2026-01-09T20:33:51.889Z] [INFO] [/api/imagen?localizacion=Madrid&from=2026-01-02T10%3A00%3A00.000%2B00%3A00&to=2026-01-04T15%3A34%3A13.085%2B00%3A00] GET /api/imagen?localizacion=Madrid&from=2026-01-02T10%3A00%3A00.000%2B00%3A00&to=2026-01-04T15%3A34%3A13.085%2B00%3A00 -> 200 (4ms)
[2026-01-09T20:34:51.130Z] [INFO] [/api/imagen/696165fa9b844af4bd79ae1a] DELETE /api/imagen/696165fa9b844af4bd79ae1a -> 200 (5ms)
[2026-01-09T20:36:04.517Z] [INFO] [/api/viento] GET /api/viento -> 200 (5ms)
[2026-01-09T20:36:12.876Z] [INFO] [/api/viento] POST /api/viento -> 201 (6ms)
[2026-01-09T20:36:28.496Z] [INFO] [/api/viento/stats/min] GET /api/viento/stats/min -> 200 (5ms)
[2026-01-09T20:36:37.448Z] [INFO] [/api/viento/stats/median] GET /api/viento/stats/median -> 200 (15ms)
[2026-01-09T20:37:22.047Z] [INFO] [/api/viento/696166bc9b844af4bd79ae20] DELETE /api/viento/696166bc9b844af4bd79ae20 -> 200 (6ms)
[2026-01-09T20:39:01.796Z] [INFO] [/api/viento] POST /api/viento -> 400 (3ms)
[2026-01-09T20:39:39.553Z] [INFO] [/api/viento] POST /api/viento -> 400 (2ms)
[2026-01-09T20:41:30.446Z] [ERROR] [/boom] GET /boom -> Error de prueba Slack
[2026-01-09T20:41:30.480Z] [INFO] [/boom] GET /boom -> 500 (34ms)
