[2026-01-09T19:06:16.196Z] [INFO] [/api-docs/] GET /api-docs/ -> 304 (5ms)
[2026-01-09T19:06:16.220Z] [INFO] [/api-docs/swagger-ui-init.js] GET /api-docs/swagger-ui-init.js -> 200 (1ms)
[2026-01-09T19:06:16.224Z] [INFO] [/api-docs/swagger-ui-bundle.js] GET /api-docs/swagger-ui-bundle.js -> 304 (6ms)
[2026-01-09T19:06:16.224Z] [INFO] [/api-docs/swagger-ui-standalone-preset.js] GET /api-docs/swagger-ui-standalone-preset.js -> 304 (6ms)
[2026-01-09T19:06:16.223Z] [INFO] [/api-docs/swagger-ui.css] GET /api-docs/swagger-ui.css -> 304 (7ms)
[2026-01-09T19:06:16.578Z] [INFO] [/api-docs/favicon-32x32.png] GET /api-docs/favicon-32x32.png -> 304 (1ms)
[2026-01-09T19:06:32.274Z] [INFO] [/api/sondas] GET /api/sondas -> 200 (11ms)
[2026-01-09T19:06:48.979Z] [INFO] [/api/sondas] POST /api/sondas -> 401 (1ms)
[2026-01-09T19:08:06.468Z] [INFO] [/api/sondas] POST /api/sondas -> 401 (1ms)
[2026-01-09T19:09:17.982Z] [INFO] [/api/sondas] GET /api/sondas -> 304 (3ms)
[2026-01-09T19:09:53.536Z] [INFO] [/api/sondas?localizacion=Madrid] GET /api/sondas?localizacion=Madrid -> 200 (4ms)
[2026-01-09T19:10:12.783Z] [INFO] [/api/sondas?localizacion=Collado%20Villalba] GET /api/sondas?localizacion=Collado%20Villalba -> 200 (3ms)
[2026-01-09T19:11:12.782Z] [INFO] [/api/sondas/695a5d057b198a2185d3a7ca] GET /api/sondas/695a5d057b198a2185d3a7ca -> 200 (4ms)
[2026-01-09T19:11:54.779Z] [INFO] [/api/sondas/695a5d057b198a2185d3a7ca] PUT /api/sondas/695a5d057b198a2185d3a7ca -> 401 (1ms)
[2026-01-09T19:12:40.256Z] [INFO] [/api/sondas/695a5d057b198a2185d3a7ca] DELETE /api/sondas/695a5d057b198a2185d3a7ca -> 401 (1ms)
[2026-01-09T19:14:40.213Z] [ERROR] [/boom] GET /boom -> Error de prueba Slack
[2026-01-09T19:14:40.239Z] [INFO] [/boom] GET /boom -> 500 (27ms)
[2026-01-09T19:16:41.182Z] [ERROR] [/boom] GET /boom -> Error de prueba Slack
[2026-01-09T19:16:41.184Z] [INFO] [/boom] GET /boom -> 500 (3ms)
[2026-01-09T19:36:55.032Z] [INFO] [/api-docs/] GET /api-docs/ -> 304 (1ms)
[2026-01-09T19:36:55.050Z] [INFO] [/api-docs/swagger-ui.css] GET /api-docs/swagger-ui.css -> 304 (1ms)
[2026-01-09T19:36:55.053Z] [INFO] [/api-docs/swagger-ui-init.js] GET /api-docs/swagger-ui-init.js -> 304 (1ms)
[2026-01-09T19:36:55.053Z] [INFO] [/api-docs/swagger-ui-bundle.js] GET /api-docs/swagger-ui-bundle.js -> 304 (2ms)
[2026-01-09T19:36:55.054Z] [INFO] [/api-docs/swagger-ui-standalone-preset.js] GET /api-docs/swagger-ui-standalone-preset.js -> 304 (2ms)
[2026-01-09T19:36:55.347Z] [INFO] [/api-docs/favicon-32x32.png] GET /api-docs/favicon-32x32.png -> 304 (1ms)
